// Jest Snapshot v1, https://goo.gl/fbAQLP

exports[`DevTools tests <ErrorText /> should render ErrorText component 1`] = `
<div
  className="dev-tools-page__error"
/>
`;

exports[`DevTools tests <Loader /> should render Loader component 1`] = `
<Loader
  blur={true}
  className=""
  color="light-blue"
  darkened={false}
  height={45}
  rounded={true}
  style={
    Object {
      "margin": "2em 0",
      "position": "relative",
    }
  }
  type="circle"
  width={45}
  zIndex={null}
/>
`;

exports[`DevTools tests <TabContent /> should render TabContent component 1`] = `
<Wall
  className="dev-tools-page__tab-content"
>
  <BuildTab />
</Wall>
`;

exports[`DevTools tests <Tabs /> should render Tabs component 1`] = `
<div
  className="dev-tools-page__tabs"
>
  <Tabs
    activeTabKey=""
    className=""
    hasHint={false}
    hasHover={false}
    items={
      Array [
        Object {
          "id": "build",
          "isActive": false,
          "label": "dev-tools.tab.build",
          "onClick": [Function],
        },
        Object {
          "id": "dev-modules",
          "isActive": false,
          "label": "dev-tools.tab.dev-modules",
          "onClick": [Function],
        },
        Object {
          "id": "commits",
          "isActive": false,
          "label": "dev-tools.tab.commits",
          "onClick": [Function],
        },
        Object {
          "id": "settings",
          "isActive": false,
          "label": "dev-tools.tab.settings",
          "onClick": [Function],
        },
      ]
    }
    keyField="id"
    narrow={true}
    onClick={null}
    valueField="label"
    valuePrefix=""
  />
</div>
`;
