// Jest Snapshot v1, https://goo.gl/fbAQLP

exports[`FilesViewer tests <FilesViewer /> should render FilesViewer component 1`] = `
<div
  className="ecos-files-viewer"
/>
`;

exports[`FilesViewer tests <FilesViewerItem /> should render FilesViewerItem component 1`] = `
<div
  className="ecos-files-viewer__item"
  onClick={[Function]}
  onDoubleClick={[Function]}
>
  <div
    className="ecos-files-viewer__item-left"
  >
    <div
      className="ecos-files-viewer__item-icon-wrapper"
    >
      <FileIcon
        className="ecos-files-viewer__item-file-icon"
        format="blank"
      />
    </div>
    <span
      className="ecos-files-viewer__item-title"
      title=""
    />
  </div>
  <div
    className="ecos-files-viewer__item-right"
  >
    <span
      className="ecos-files-viewer__item-modified"
      title="-"
    >
      -
    </span>
    <div
      className="ecos-files-viewer__item-actions"
    />
  </div>
</div>
`;
