// Jest Snapshot v1, https://goo.gl/fbAQLP

exports[`FilesViewer tests <FilesViewer /> should render FilesViewer component 1`] = `
<div>
  <div
    class="ecos-files-viewer"
  />
</div>
`;

exports[`FilesViewer tests <FilesViewerItem /> should render FilesViewerItem component 1`] = `
<div>
  <div
    class="ecos-files-viewer__item"
    data-id=""
    draggable="true"
  >
    <div
      class="ecos-files-viewer__item-left"
    >
      <div
        class="ecos-files-viewer__item-icon-wrapper"
      >
        <span
          class="ecos-file-icon fiv-hct ecos-files-viewer__item-file-icon fiv-icon-blank"
        />
      </div>
      <span
        class="ecos-files-viewer__item-title"
        title=""
      />
    </div>
    <div
      class="ecos-files-viewer__item-right"
    >
      <span
        class="ecos-files-viewer__item-modified"
        title="-"
      >
        -
      </span>
      <div
        class="ecos-files-viewer__item-actions"
      />
    </div>
  </div>
</div>
`;
