// Jest Snapshot v1, https://goo.gl/fbAQLP

exports[`GroupActions tests <GroupActions /> should render GroupActions component 1`] = `
<Fragment>
  <DropdownOuter
    className="ecos-group-actions__dropdown"
    disabled={true}
    getStateOpen={[Function]}
    isStatic={true}
    itemClassName={[Function]}
    keyFields={
      Array [
        "id",
        "formRef",
        "pluralName",
        "_typeAct",
      ]
    }
    menuClassName="ecos-group-actions__dropdown-menu"
    modifiers={
      Object {
        "flip": Object {
          "behavior": Array [
            "bottom",
            "top",
            "right",
            "left",
          ],
        },
      }
    }
    onChange={[Function]}
    outClassName="ecos-dropdown-outer-tooltip"
    placement="bottom-start"
    source={Array []}
    titleField="pluralName"
    trigger="click"
    valueField="id"
  >
    <Tooltip
      autohide={false}
      boundariesElement="window"
      contentComponent="journal.group-actions.selected-records.label-count"
      delay={0}
      hideArrow={false}
      isOpen={false}
      minWidthByContent={false}
      modifiers={
        Object {
          "offset": Object {
            "enabled": true,
            "name": "offset",
            "offset": "0, 5px",
          },
        }
      }
      placement="top"
      showAsNeeded={true}
      target="group-actions-1-rec"
      text=""
      uncontrolled={true}
    >
      <IcoBtn
        className="ecos-btn_hover_blue2 ecos-btn_grey3 ecos-group-actions__control"
        disabled={true}
        icon="ecos-btn__i_right icon-small-down"
        id="group-actions-1-rec"
        invert={true}
        loaderType="points"
        loading={false}
      />
    </Tooltip>
  </DropdownOuter>
</Fragment>
`;
