// Jest Snapshot v1, https://goo.gl/fbAQLP

exports[`FolderTree tests <FolderTree /> should render FolderTree component 1`] = `
<div
  className="ecos-folder-tree"
/>
`;

exports[`FolderTree tests <FolderTreeItem /> should render FolderTreeItem component 1`] = `
<div
  className="ecos-folder-tree__item"
>
  <div
    className="ecos-folder-tree__fold-switch"
  />
  <div>
    <div
      className="ecos-folder-tree__item-body"
      onClick={[Function]}
    >
      <Memo(EcosIcon)
        className="ecos-folder-tree__folder-image"
        data={
          Object {
            "value": "icon-folder",
          }
        }
      />
      <span
        className="ecos-folder-tree__item-title"
        title=""
      />
    </div>
    <div
      className="ecos-folder-tree__item-children"
    />
  </div>
</div>
`;
