// Jest Snapshot v1, https://goo.gl/fbAQLP

exports[`Export component tests should render Export component 1`] = `
<div
  className="ecos-btn-export"
>
  <Dropdown
    CustomItem={null}
    cascade={false}
    className=""
    controlClassName="ecos-btn_grey ecos-btn_settings-down"
    controlIcon="icon-download"
    direction="down"
    full={false}
    getStateOpen={[Function]}
    hasEmpty={true}
    hideSelected={false}
    isButton={true}
    isLinks={false}
    isStatic={true}
    labelIsDiv={false}
    menuClassName=""
    onChange={[Function]}
    placeholder=""
    right={false}
    scrollbarHeightMax="100%"
    scrollbarHeightMin="100%"
    source={
      Array [
        Object {
          "download": false,
          "id": 0,
          "target": "_blank",
          "title": "export-component.action.html-read",
          "type": "html",
        },
        Object {
          "download": true,
          "id": 1,
          "target": "_self",
          "title": "export-component.action.html-load",
          "type": "html",
        },
        Object {
          "download": true,
          "id": 2,
          "target": "_self",
          "title": "Excel",
          "type": "xlsx",
        },
        Object {
          "download": true,
          "id": 3,
          "target": "_self",
          "title": "CSV",
          "type": "csv",
        },
        Object {
          "click": [Function],
          "id": 4,
          "title": "export-component.action.copy-link",
        },
      ]
    }
    titleField="title"
    toggleClassName=""
    valueField="id"
    withScrollbar={false}
  />
  <form
    encType="multipart/form-data"
    method="post"
  >
    <input
      name="jsondata"
      type="hidden"
      value=""
    />
  </form>
</div>
`;
