// Jest Snapshot v1, https://goo.gl/fbAQLP

exports[`Export component tests should render Export component 1`] = `
<div>
  <div
    class="ecos-btn-export"
  >
    <div
      class="ecos-dropdown dropdown"
    >
      <span
        aria-expanded="false"
        aria-haspopup="true"
        class="ecos-dropdown__toggle"
        data-toggle="dropdown"
      >
        <button
          class="ecos-btn ecos-btn_mi ecos-dropdown__toggle_static ecos-btn_grey ecos-btn_settings-down"
          label=""
        >
          <i
            class="ecos-btn__i icon-download"
          />
          <i
            class="ecos-btn__i icon-small-down"
          />
        </button>
      </span>
      <div
        aria-hidden="true"
        class="ecos-dropdown__menu dropdown-menu"
        role="menu"
        tabindex="-1"
      >
        <div>
          <ul>
            <li
              class=""
              id="dropdown-menu-item_00000000-0000-0000-0000-000000000000"
            >
              export-component.action.copy-link
            </li>
          </ul>
        </div>
      </div>
    </div>
    <form
      enctype="multipart/form-data"
      method="post"
    >
      <input
        name="jsondata"
        type="hidden"
        value=""
      />
    </form>
  </div>
</div>
`;
